// Vitest Snapshot v1, https://vitest.dev/guide/snapshot.html

exports[`given default Tree > should render snapshot 1`] = `
"<ul class="list-none select-none w-64 bg-white text-blackA11 rounded-md p-2 text-sm font-medium" tabindex="0" data-orientation="vertical" dir="ltr" style="outline: none;" role="tree">
  <li data-reka-collection-item="" tabindex="-1" data-orientation="vertical" class="flex items-center py-1 px-2 my-0.5 rounded w-max outline-none focus:ring-grass9 focus:ring-2 data-[selected]:bg-grass4" style="margin-left: 1rem;" aria-setsize="3" aria-posinset="1" role="treeitem" aria-selected="false" aria-level="1" data-indent="1">
    <!--v-if-->
    <div class="pl-2">index.vue</div>
  </li>
  <li data-reka-collection-item="" tabindex="-1" data-orientation="vertical" class="flex items-center py-1 px-2 my-0.5 rounded w-max outline-none focus:ring-grass9 focus:ring-2 data-[selected]:bg-grass4" style="margin-left: 1rem;" aria-setsize="3" aria-posinset="2" role="treeitem" aria-selected="false" aria-expanded="false" aria-level="1" data-indent="1"><svg xmlns="http://www.w3.org/2000/svg" xmlns:xlink="http://www.w3.org/1999/xlink" aria-hidden="true" role="img" class="h-4 w-4" width="1em" height="1em" viewBox="0 0 16 16"></svg>
    <div class="pl-2">lib</div>
  </li>
  <li data-reka-collection-item="" tabindex="-1" data-orientation="vertical" class="flex items-center py-1 px-2 my-0.5 rounded w-max outline-none focus:ring-grass9 focus:ring-2 data-[selected]:bg-grass4" style="margin-left: 1rem;" aria-setsize="3" aria-posinset="3" role="treeitem" aria-selected="false" aria-expanded="false" aria-level="1" data-indent="1"><svg xmlns="http://www.w3.org/2000/svg" xmlns:xlink="http://www.w3.org/1999/xlink" aria-hidden="true" role="img" class="h-4 w-4" width="1em" height="1em" viewBox="0 0 16 16"></svg>
    <div class="pl-2">routes</div>
  </li>
</ul>"
`;
